2026-08-26T23:21:30.113Z - DEBUG - --------------------------------
2026-08-26T23:21:30.113Z - DEBUG - CLI is running version 0.11.0
2026-08-26T23:21:30.113Z - DEBUG - COMMAND: acurast init
2026-08-26T23:21:50.676Z - DEBUG - --------------------------------
2026-08-26T23:21:50.677Z - DEBUG - CLI is running version 0.11.0
2026-08-26T23:21:50.677Z - DEBUG - COMMAND: acurast deploy --only-upload
2026-08-26T23:21:50.762Z - INFO - Signing mode: local
2026-08-26T23:21:50.762Z - ERROR - Project env vars are invalid "\"TARGET_URL\" is not defined in the environment."
2026-08-26T23:22:04.246Z - DEBUG - --------------------------------
2026-08-26T23:22:04.246Z - DEBUG - CLI is running version 0.11.0
2026-08-26T23:22:04.246Z - DEBUG - COMMAND: acurast deploy --only-upload
2026-08-26T23:22:04.326Z - INFO - Signing mode: local
2026-08-26T23:22:04.326Z - ERROR - Project env vars are invalid "\"ALERT_WEBHOOK\" is not defined in the environment."
2026-08-26T23:22:09.721Z - DEBUG - --------------------------------
2026-08-26T23:22:09.721Z - DEBUG - CLI is running version 0.11.0
2026-08-26T23:22:09.721Z - DEBUG - COMMAND: acurast deploy --only-upload
2026-08-26T23:22:09.806Z - INFO - Signing mode: local
2026-08-26T23:22:09.834Z - INFO - Connecting to canary RPC: wss://canarynet-ws-1.acurast-h-server-2.papers.tech
2026-08-26T23:22:11.759Z - DEBUG - Balance: 0 cACU
2026-08-26T23:23:30.471Z - DEBUG - --------------------------------
2026-08-26T23:23:30.471Z - DEBUG - CLI is running version 0.11.0
2026-08-26T23:23:30.471Z - DEBUG - COMMAND: acurast deploy --only-upload
2026-08-26T23:23:30.553Z - INFO - Signing mode: local
2026-08-26T23:23:30.582Z - INFO - Connecting to canary RPC: wss://canarynet-ws-1.acurast-h-server-2.papers.tech
2026-08-26T23:23:32.495Z - DEBUG - Balance: 0 cACU
2026-08-26T23:31:28.243Z - DEBUG - --------------------------------
2026-08-26T23:31:28.244Z - DEBUG - CLI is running version 0.11.0
2026-08-26T23:31:28.244Z - DEBUG - COMMAND: acurast deploy --only-upload
2026-08-26T23:31:28.428Z - INFO - Signing mode: local
2026-08-26T23:31:28.455Z - INFO - Connecting to canary RPC: wss://canarynet-ws-1.acurast-h-server-2.papers.tech
2026-08-26T23:31:30.394Z - DEBUG - Balance: 0 cACU
2026-08-27T13:15:18.786Z - DEBUG - --------------------------------
2026-08-27T13:15:18.787Z - DEBUG - CLI is running version 0.11.0
2026-08-27T13:15:18.787Z - DEBUG - COMMAND: acurast deploy --only-upload
2026-08-27T13:15:18.974Z - INFO - Signing mode: local
2026-08-27T13:15:19.006Z - INFO - Connecting to canary RPC: wss://canarynet-ws-1.acurast-h-server-2.papers.tech
2026-08-27T13:15:21.115Z - DEBUG - Balance: 0.2 cACU
2026-08-27T13:15:21.116Z - DEBUG - Start time: 1787836821116
2026-08-27T13:15:21.128Z - DEBUG - The deployment will be scheduled to start in 5 minutes 0 seconds. (8/27/2026, 8:20:21 AM) It will run for 1 minute 0 seconds.
2026-08-27T13:15:27.843Z - DEBUG - --------------------------------
2026-08-27T13:15:27.843Z - DEBUG - CLI is running version 0.11.0
2026-08-27T13:15:27.843Z - DEBUG - COMMAND: acurast deploy --only-upload
2026-08-27T13:15:27.918Z - INFO - Signing mode: local
2026-08-27T13:15:27.945Z - INFO - Connecting to canary RPC: wss://canarynet-ws-1.acurast-h-server-2.papers.tech
2026-08-27T13:15:29.788Z - DEBUG - Balance: 0.2 cACU
2026-08-27T13:15:29.789Z - DEBUG - Start time: 1787836829789
2026-08-27T13:15:29.794Z - DEBUG - The deployment will be scheduled to start in 5 minutes 0 seconds. (8/27/2026, 8:20:29 AM) It will run for 1 minute 0 seconds.
2026-08-27T13:15:38.808Z - DEBUG - --------------------------------
2026-08-27T13:15:38.809Z - DEBUG - CLI is running version 0.11.0
2026-08-27T13:15:38.809Z - DEBUG - COMMAND: acurast deploy --help
2026-08-27T13:15:46.629Z - DEBUG - --------------------------------
2026-08-27T13:15:46.630Z - DEBUG - CLI is running version 0.11.0
2026-08-27T13:15:46.630Z - DEBUG - COMMAND: acurast deploy -n
2026-08-27T13:15:46.731Z - INFO - Signing mode: local
2026-08-27T13:15:46.757Z - INFO - Connecting to canary RPC: wss://canarynet-ws-1.acurast-h-server-2.papers.tech
2026-08-27T13:15:48.651Z - DEBUG - Balance: 0.2 cACU
2026-08-27T13:15:48.652Z - DEBUG - Start time: 1787836848652
2026-08-27T13:15:48.655Z - DEBUG - The deployment will be scheduled to start in 5 minutes 0 seconds. (8/27/2026, 8:20:48 AM) It will run for 1 minute 0 seconds.
2026-08-27T13:15:49.180Z - DEBUG - 🚀 Deploying...
2026-08-27T13:15:50.837Z - DEBUG - config.fileUrl is not an IPFS hash, so we zip it: monitor.js
2026-08-27T13:15:50.840Z - DEBUG - zipPath: .acurast/bundles/monitor.zip
2026-08-27T13:15:50.842Z - LOG - zipPath .acurast/bundles/monitor.zip
2026-08-27T13:15:52.587Z - DEBUG - ipfsHash: ipfs://QmXGMcC2TWF4fSFnA6HpKKgX4Mqwf3pSBm1F5FiWyYbKWt
2026-08-27T13:16:38.690Z - INFO - Waiting for processor acknowledgements: 1 expected
2026-08-27T13:16:48.357Z - DEBUG - Setting Environment Variables: Have all acknowledgements, so we can set the env vars now.
2026-08-27T13:16:48.358Z - DEBUG - Setting Environment Variables: Preparing transaction
2026-08-27T13:16:48.360Z - DEBUG - setEnvVars: attempt 1/20 fetching processor pubKeys
2026-08-27T13:16:48.365Z - INFO - Acknowledged by 1/1
2026-08-27T13:16:50.547Z - DEBUG - setEnvVars: pubKeys available after 1 attempt(s)
2026-08-27T13:16:54.899Z - DEBUG - Setting Environment Variables: Done (hash: 0x39015327d223b26bff91184bff1c146b6fac47fe503d13ddf1e3683c40f46a50)
2026-08-27T13:16:54.902Z - DEBUG - DevTools view-key request: POST https://api.devtools.acurast.com/v1/auth/view-key jobId=Acurast:5DFv6VvxSWz1d5UjMRn5Py27oVizmefuqBCRukVZRv7FsCFL:380553 address=5DFv6VvxSWz1d5UjMRn5Py27oVizmefuqBCRukVZRv7FsCFL
2026-08-27T13:17:02.218Z - DEBUG - --------------------------------
2026-08-27T13:17:02.219Z - DEBUG - CLI is running version 0.11.0
2026-08-27T13:17:02.219Z - DEBUG - COMMAND: acurast deployments 380553
2026-08-27T13:17:02.341Z - INFO - Connecting to canary RPC: wss://canarynet-ws-1.acurast-h-server-2.papers.tech
2026-08-27T13:17:43.412Z - DEBUG - --------------------------------
2026-08-27T13:17:43.412Z - DEBUG - CLI is running version 0.11.0
2026-08-27T13:17:43.412Z - DEBUG - COMMAND: acurast devtools 380553
2026-08-27T13:17:43.542Z - DEBUG - DevTools view-key request: POST https://api.devtools.acurast.com/v1/auth/view-key jobId=380553 address=5DFv6VvxSWz1d5UjMRn5Py27oVizmefuqBCRukVZRv7FsCFL
2026-08-27T13:17:44.039Z - ERROR - DevTools view-key failed: 404 {"error":"Could not determine the owner of this deployment. Send the full \"Acurast:<address>:<number>\" deployment id."}
2026-08-27T13:17:53.622Z - DEBUG - --------------------------------
2026-08-27T13:17:53.622Z - DEBUG - CLI is running version 0.11.0
2026-08-27T13:17:53.623Z - DEBUG - COMMAND: acurast devtools Acurast:5DFv6VvxSWz1d5UjMRn5Py27oVizmefuqBCRukVZRv7FsCFL:380553
2026-08-27T13:17:53.734Z - DEBUG - DevTools view-key request: POST https://api.devtools.acurast.com/v1/auth/view-key jobId=Acurast:5DFv6VvxSWz1d5UjMRn5Py27oVizmefuqBCRukVZRv7FsCFL:380553 address=5DFv6VvxSWz1d5UjMRn5Py27oVizmefuqBCRukVZRv7FsCFL
2026-08-27T13:17:54.253Z - ERROR - DevTools view-key failed: 404 {"error":"No such deployment on this network"}
2026-08-27T20:13:38.197Z - DEBUG - --------------------------------
2026-08-27T20:13:38.200Z - DEBUG - CLI is running version 0.11.0
2026-08-27T20:13:38.200Z - DEBUG - COMMAND: acurast deploy --only-upload
2026-08-27T20:13:38.283Z - INFO - Signing mode: local
2026-08-27T20:13:38.311Z - INFO - Connecting to canary RPC: wss://canarynet-ws-1.acurast-h-server-2.papers.tech
2026-08-27T20:13:40.230Z - DEBUG - Balance: 0.091433 cACU
2026-08-27T20:13:40.231Z - DEBUG - Start time: 1787861920231
2026-08-27T20:13:40.237Z - DEBUG - The deployment will be scheduled to start in 5 minutes 0 seconds. (8/27/2026, 3:18:40 PM) It will run for 1 minute 0 seconds.
